exports[`Box Component should match the Box component snapshot 1`] = `
<div
  className="_2vul0"
  onClick={[Function]}>
  Hello World
</div>
`;
